Archive member included to satisfy reference by file (symbol)

C:/arm-gnu-toolchain/arm-gnu-toolchain-13.2.Rel1-mingw-w64-i686-arm-none-eabi/bin/../lib/gcc/arm-none-eabi/13.2.1/thumb/v7e-m+fp/hard\libgcc.a(_aeabi_uldivmod.o)
                              cmake/stm32cubemx/CMakeFiles/STM32_Drivers.dir/__/__/Drivers/STM32F4xx_HAL_Driver/Src/stm32f4xx_hal_rcc.c.obj (__aeabi_uldivmod)
C:/arm-gnu-toolchain/arm-gnu-toolchain-13.2.Rel1-mingw-w64-i686-arm-none-eabi/bin/../lib/gcc/arm-none-eabi/13.2.1/thumb/v7e-m+fp/hard\libgcc.a(_udivmoddi4.o)
                              C:/arm-gnu-toolchain/arm-gnu-toolchain-13.2.Rel1-mingw-w64-i686-arm-none-eabi/bin/../lib/gcc/arm-none-eabi/13.2.1/thumb/v7e-m+fp/hard\libgcc.a(_aeabi_uldivmod.o) (__udivmoddi4)
C:/arm-gnu-toolchain/arm-gnu-toolchain-13.2.Rel1-mingw-w64-i686-arm-none-eabi/bin/../lib/gcc/arm-none-eabi/13.2.1/thumb/v7e-m+fp/hard\libgcc.a(_dvmd_tls.o)
                              C:/arm-gnu-toolchain/arm-gnu-toolchain-13.2.Rel1-mingw-w64-i686-arm-none-eabi/bin/../lib/gcc/arm-none-eabi/13.2.1/thumb/v7e-m+fp/hard\libgcc.a(_aeabi_uldivmod.o) (__aeabi_ldiv0)
C:/arm-gnu-toolchain/arm-gnu-toolchain-13.2.Rel1-mingw-w64-i686-arm-none-eabi/bin/../lib/gcc/arm-none-eabi/13.2.1/thumb/v7e-m+fp/hard\libg_nano.a(libc_a-exit.o)
                              C:/arm-gnu-toolchain/arm-gnu-toolchain-13.2.Rel1-mingw-w64-i686-arm-none-eabi/bin/../lib/gcc/arm-none-eabi/13.2.1/thumb/v7e-m+fp/hard/crt0.o (exit)
C:/arm-gnu-toolchain/arm-gnu-toolchain-13.2.Rel1-mingw-w64-i686-arm-none-eabi/bin/../lib/gcc/arm-none-eabi/13.2.1/thumb/v7e-m+fp/hard\libg_nano.a(libc_a-findfp.o)
                              C:/arm-gnu-toolchain/arm-gnu-toolchain-13.2.Rel1-mingw-w64-i686-arm-none-eabi/bin/../lib/gcc/arm-none-eabi/13.2.1/thumb/v7e-m+fp/hard\libg_nano.a(libc_a-exit.o) (__stdio_exit_handler)
C:/arm-gnu-toolchain/arm-gnu-toolchain-13.2.Rel1-mingw-w64-i686-arm-none-eabi/bin/../lib/gcc/arm-none-eabi/13.2.1/thumb/v7e-m+fp/hard\libg_nano.a(libc_a-fwalk.o)
                              C:/arm-gnu-toolchain/arm-gnu-toolchain-13.2.Rel1-mingw-w64-i686-arm-none-eabi/bin/../lib/gcc/arm-none-eabi/13.2.1/thumb/v7e-m+fp/hard\libg_nano.a(libc_a-findfp.o) (_fwalk_sglue)
C:/arm-gnu-toolchain/arm-gnu-toolchain-13.2.Rel1-mingw-w64-i686-arm-none-eabi/bin/../lib/gcc/arm-none-eabi/13.2.1/thumb/v7e-m+fp/hard\libg_nano.a(libc_a-stdio.o)
                              C:/arm-gnu-toolchain/arm-gnu-toolchain-13.2.Rel1-mingw-w64-i686-arm-none-eabi/bin/../lib/gcc/arm-none-eabi/13.2.1/thumb/v7e-m+fp/hard\libg_nano.a(libc_a-findfp.o) (__sread)
C:/arm-gnu-toolchain/arm-gnu-toolchain-13.2.Rel1-mingw-w64-i686-arm-none-eabi/bin/../lib/gcc/arm-none-eabi/13.2.1/thumb/v7e-m+fp/hard\libg_nano.a(libc_a-memset.o)
                              C:/arm-gnu-toolchain/arm-gnu-toolchain-13.2.Rel1-mingw-w64-i686-arm-none-eabi/bin/../lib/gcc/arm-none-eabi/13.2.1/thumb/v7e-m+fp/hard/crt0.o (memset)
C:/arm-gnu-toolchain/arm-gnu-toolchain-13.2.Rel1-mingw-w64-i686-arm-none-eabi/bin/../lib/gcc/arm-none-eabi/13.2.1/thumb/v7e-m+fp/hard\libg_nano.a(libc_a-closer.o)
                              C:/arm-gnu-toolchain/arm-gnu-toolchain-13.2.Rel1-mingw-w64-i686-arm-none-eabi/bin/../lib/gcc/arm-none-eabi/13.2.1/thumb/v7e-m+fp/hard\libg_nano.a(libc_a-stdio.o) (_close_r)
C:/arm-gnu-toolchain/arm-gnu-toolchain-13.2.Rel1-mingw-w64-i686-arm-none-eabi/bin/../lib/gcc/arm-none-eabi/13.2.1/thumb/v7e-m+fp/hard\libg_nano.a(libc_a-reent.o)
                              C:/arm-gnu-toolchain/arm-gnu-toolchain-13.2.Rel1-mingw-w64-i686-arm-none-eabi/bin/../lib/gcc/arm-none-eabi/13.2.1/thumb/v7e-m+fp/hard\libg_nano.a(libc_a-closer.o) (errno)
C:/arm-gnu-toolchain/arm-gnu-toolchain-13.2.Rel1-mingw-w64-i686-arm-none-eabi/bin/../lib/gcc/arm-none-eabi/13.2.1/thumb/v7e-m+fp/hard\libg_nano.a(libc_a-impure.o)
                              C:/arm-gnu-toolchain/arm-gnu-toolchain-13.2.Rel1-mingw-w64-i686-arm-none-eabi/bin/../lib/gcc/arm-none-eabi/13.2.1/thumb/v7e-m+fp/hard\libg_nano.a(libc_a-reent.o) (_impure_ptr)
C:/arm-gnu-toolchain/arm-gnu-toolchain-13.2.Rel1-mingw-w64-i686-arm-none-eabi/bin/../lib/gcc/arm-none-eabi/13.2.1/thumb/v7e-m+fp/hard\libg_nano.a(libc_a-lseekr.o)
                              C:/arm-gnu-toolchain/arm-gnu-toolchain-13.2.Rel1-mingw-w64-i686-arm-none-eabi/bin/../lib/gcc/arm-none-eabi/13.2.1/thumb/v7e-m+fp/hard\libg_nano.a(libc_a-stdio.o) (_lseek_r)
C:/arm-gnu-toolchain/arm-gnu-toolchain-13.2.Rel1-mingw-w64-i686-arm-none-eabi/bin/../lib/gcc/arm-none-eabi/13.2.1/thumb/v7e-m+fp/hard\libg_nano.a(libc_a-readr.o)
                              C:/arm-gnu-toolchain/arm-gnu-toolchain-13.2.Rel1-mingw-w64-i686-arm-none-eabi/bin/../lib/gcc/arm-none-eabi/13.2.1/thumb/v7e-m+fp/hard\libg_nano.a(libc_a-stdio.o) (_read_r)
C:/arm-gnu-toolchain/arm-gnu-toolchain-13.2.Rel1-mingw-w64-i686-arm-none-eabi/bin/../lib/gcc/arm-none-eabi/13.2.1/thumb/v7e-m+fp/hard\libg_nano.a(libc_a-writer.o)
[...]
Memory Configuration

Name             Origin             Length             Attributes
RAM              0x20000000         0x00010000         xrw
FLASH            0x08000000         0x00020000         xr
*default*        0x00000000         0xffffffff

Linker script and memory map

LOAD C:/arm-gnu-toolchain/arm-gnu-toolchain-13.2.Rel1-mingw-w64-i686-arm-none-eabi/bin/../lib/gcc/arm-none-eabi/13.2.1/thumb/v7e-m+fp/hard/crti.o
LOAD C:/arm-gnu-toolchain/arm-gnu-toolchain-13.2.Rel1-mingw-w64-i686-arm-none-eabi/bin/../lib/gcc/arm-none-eabi/13.2.1/thumb/v7e-m+fp/hard/crtbegin.o
LOAD C:/arm-gnu-toolchain/arm-gnu-toolchain-13.2.Rel1-mingw-w64-i686-arm-none-eabi/bin/../lib/gcc/arm-none-eabi/13.2.1/thumb/v7e-m+fp/hard/crt0.o
LOAD cmake/stm32cubemx/CMakeFiles/STM32_Drivers.dir/__/__/Core/Src/system_stm32f4xx.c.obj
LOAD cmake/stm32cubemx/CMakeFiles/STM32_Drivers.dir/__/__/Drivers/STM32F4xx_HAL_Driver/Src/stm32f4xx_hal_rcc.c.obj
LOAD cmake/stm32cubemx/CMakeFiles/STM32_Drivers.dir/__/__/Drivers/STM32F4xx_HAL_Driver/Src/stm32f4xx_hal_rcc_ex.c.obj
LOAD cmake/stm32cubemx/CMakeFiles/STM32_Drivers.dir/__/__/Drivers/STM32F4xx_HAL_Driver/Src/stm32f4xx_hal_flash.c.obj
LOAD cmake/stm32cubemx/CMakeFiles/STM32_Drivers.dir/__/__/Drivers/STM32F4xx_HAL_Driver/Src/stm32f4xx_hal_flash_ex.c.obj
LOAD cmake/stm32cubemx/CMakeFiles/STM32_Drivers.dir/__/__/Drivers/STM32F4xx_HAL_Driver/Src/stm32f4xx_hal_flash_ramfunc.c.obj
LOAD cmake/stm32cubemx/CMakeFiles/STM32_Drivers.dir/__/__/Drivers/STM32F4xx_HAL_Driver/Src/stm32f4xx_hal_gpio.c.obj
LOAD cmake/stm32cubemx/CMakeFiles/STM32_Drivers.dir/__/__/Drivers/STM32F4xx_HAL_Driver/Src/stm32f4xx_hal_dma_ex.c.obj
LOAD cmake/stm32cubemx/CMakeFiles/STM32_Drivers.dir/__/__/Drivers/STM32F4xx_HAL_Driver/Src/stm32f4xx_hal_dma.c.obj
LOAD cmake/stm32cubemx/CMakeFiles/STM32_Drivers.dir/__/__/Drivers/STM32F4xx_HAL_Driver/Src/stm32f4xx_hal_pwr.c.obj
LOAD cmake/stm32cubemx/CMakeFiles/STM32_Drivers.dir/__/__/Drivers/STM32F4xx_HAL_Driver/Src/stm32f4xx_hal_pwr_ex.c.obj
LOAD cmake/stm32cubemx/CMakeFiles/STM32_Drivers.dir/__/__/Drivers/STM32F4xx_HAL_Driver/Src/stm32f4xx_hal_cortex.c.obj
LOAD cmake/stm32cubemx/CMakeFiles/STM32_Drivers.dir/__/__/Drivers/STM32F4xx_HAL_Driver/Src/stm32f4xx_hal.c.obj
LOAD cmake/stm32cubemx/CMakeFiles/STM32_Drivers.dir/__/__/Drivers/STM32F4xx_HAL_Driver/Src/stm32f4xx_hal_exti.c.obj
LOAD CMakeFiles/GraduatioProject.dir/Core/Src/main.c.obj
LOAD CMakeFiles/GraduatioProject.dir/Core/Src/stm32f4xx_it.c.obj
LOAD CMakeFiles/GraduatioProject.dir/Core/Src/stm32f4xx_hal_msp.c.obj
LOAD CMakeFiles/GraduatioProject.dir/Core/Src/sysmem.c.obj
LOAD CMakeFiles/GraduatioProject.dir/Core/Src/syscalls.c.obj
LOAD CMakeFiles/GraduatioProject.dir/startup_stm32f401xc.s.obj
LOAD bin_dsp/libCMSISDSP.a
LOAD C:/arm-gnu-toolchain/arm-gnu-toolchain-13.2.Rel1-mingw-w64-i686-arm-none-eabi/bin/../lib/gcc/arm-none-eabi/13.2.1/thumb/v7e-m+fp/hard\libm.a
START GROUP
LOAD C:/arm-gnu-toolchain/arm-gnu-toolchain-13.2.Rel1-mingw-w64-i686-arm-none-eabi/bin/../lib/gcc/arm-none-eabi/13.2.1/thumb/v7e-m+fp/hard\libgcc.a
LOAD C:/arm-gnu-toolchain/arm-gnu-toolchain-13.2.Rel1-mingw-w64-i686-arm-none-eabi/bin/../lib/gcc/arm-none-eabi/13.2.1/thumb/v7e-m+fp/hard\libg_nano.a
LOAD C:/arm-gnu-toolchain/arm-gnu-toolchain-13.2.Rel1-mingw-w64-i686-arm-none-eabi/bin/../lib/gcc/arm-none-eabi/13.2.1/thumb/v7e-m+fp/hard\libc_nano.a
END GROUP
START GROUP
LOAD C:/arm-gnu-toolchain/arm-gnu-toolchain-13.2.Rel1-mingw-w64-i686-arm-none-eabi/bin/../lib/gcc/arm-none-eabi/13.2.1/thumb/v7e-m+fp/hard\libgcc.a
LOAD C:/arm-gnu-toolchain/arm-gnu-toolchain-13.2.Rel1-mingw-w64-i686-arm-none-eabi/bin/../lib/gcc/arm-none-eabi/13.2.1/thumb/v7e-m+fp/hard\libc_nano.a
END GROUP
LOAD C:/arm-gnu-toolchain/arm-gnu-toolchain-13.2.Rel1-mingw-w64-i686-arm-none-eabi/bin/../lib/gcc/arm-none-eabi/13.2.1/thumb/v7e-m+fp/hard/crtend.o
LOAD C:/arm-gnu-toolchain/arm-gnu-toolchain-13.2.Rel1-mingw-w64-i686-arm-none-eabi/bin/../lib/gcc/arm-none-eabi/13.2.1/thumb/v7e-m+fp/hard/crtn.o
                0x20010000                        _estack = (ORIGIN (RAM) + LENGTH (RAM))
                0x2000fc00                        _sstack = (_estack - _Min_Stack_Size)
                0x00000200                        _Min_Heap_Size = 0x200
                0x00000400                        _Min_Stack_Size = 0x400

.isr_vector     0x08000000      0x194
                0x08000000                        . = ALIGN (0x4)
 *(.isr_vector)
 .isr_vector    0x08000000      0x194 CMakeFiles/GraduatioProject.dir/startup_stm32f401xc.s.obj
                0x08000000                g_pfnVectors
                0x08000194                        . = ALIGN (0x4)

.text           0x08000194     0x1130
                0x08000194                        . = ALIGN (0x4)
 *(.text)
 .text          0x08000194       0x30 C:/arm-gnu-toolchain/arm-gnu-toolchain-13.2.Rel1-mingw-w64-i686-arm-none-eabi/bin/../lib/gcc/arm-none-eabi/13.2.1/thumb/v7e-m+fp/hard\libgcc.a(_aeabi_uldivmod.o)
                0x08000194                __aeabi_uldivmod
 .text          0x080001c4        0x4 C:/arm-gnu-toolchain/arm-gnu-toolchain-13.2.Rel1-mingw-w64-i686-arm-none-eabi/bin/../lib/gcc/arm-none-eabi/13.2.1/thumb/v7e-m+fp/hard\libgcc.a(_dvmd_tls.o)
                0x080001c4                __aeabi_idiv0
                0x080001c4                __aeabi_ldiv0
 *(.text*)
 .text.deregister_tm_clones
                0x080001c8       0x1c C:/arm-gnu-toolchain/arm-gnu-toolchain-13.2.Rel1-mingw-w64-i686-arm-none-eabi/bin/../lib/gcc/arm-none-eabi/13.2.1/thumb/v7e-m+fp/hard/crtbegin.o
 .text.register_tm_clones
                0x080001e4       0x24 C:/arm-gnu-toolchain/arm-gnu-toolchain-13.2.Rel1-mingw-w64-i686-arm-none-eabi/bin/../lib/gcc/arm-none-eabi/13.2.1/thumb/v7e-m+fp/hard/crtbegin.o
 .text.__do_global_dtors_aux
                0x08000208       0x28 C:/arm-gnu-toolchain/arm-gnu-toolchain-13.2.Rel1-mingw-w64-i686-arm-none-eabi/bin/../lib/gcc/arm-none-eabi/13.2.1/thumb/v7e-m+fp/hard/crtbegin.o
 .text.frame_dummy
                0x08000230       0x24 C:/arm-gnu-toolchain/arm-gnu-toolchain-13.2.Rel1-mingw-w64-i686-arm-none-eabi/bin/../lib/gcc/arm-none-eabi/13.2.1/thumb/v7e-m+fp/hard/crtbegin.o
 .text.SystemInit
                0x08000254       0x24 cmake/stm32cubemx/CMakeFiles/STM32_Drivers.dir/__/__/Core/Src/system_stm32f4xx.c.obj
                0x08000254                SystemInit
 .text.HAL_RCC_OscConfig
                0x08000278      0x4f0 cmake/stm32cubemx/CMakeFiles/STM32_Drivers.dir/__/__/Drivers/STM32F4xx_HAL_Driver/Src/stm32f4xx_hal_rcc.c.obj
                0x08000278                HAL_RCC_OscConfig
 .text.HAL_RCC_ClockConfig
                0x08000768      0x1cc cmake/stm32cubemx/CMakeFiles/STM32_Drivers.dir/__/__/Drivers/STM32F4xx_HAL_Driver/Src/stm32f4xx_hal_rcc.c.obj
                0x08000768                HAL_RCC_ClockConfig
 .text.HAL_RCC_GetSysClockFreq
                0x08000934      0x18c cmake/stm32cubemx/CMakeFiles/STM32_Drivers.dir/__/__/Drivers/STM32F4xx_HAL_Driver/Src/stm32f4xx_hal_rcc.c.obj
                0x08000934                HAL_RCC_GetSysClockFreq
 .text.__NVIC_SetPriorityGrouping
                0x08000ac0       0x48 cmake/stm32cubemx/CMakeFiles/STM32_Drivers.dir/__/__/Drivers/STM32F4xx_HAL_Driver/Src/stm32f4xx_hal_cortex.c.obj
 .text.__NVIC_GetPriorityGrouping
                0x08000b08       0x1c cmake/stm32cubemx/CMakeFiles/STM32_Drivers.dir/__/__/Drivers/STM32F4xx_HAL_Driver/Src/stm32f4xx_hal_cortex.c.obj
 .text.__NVIC_SetPriority
                0x08000b24       0x54 cmake/stm32cubemx/CMakeFiles/STM32_Drivers.dir/__/__/Drivers/STM32F4xx_HAL_Driver/Src/stm32f4xx_hal_cortex.c.obj
 .text.NVIC_EncodePriority
                0x08000b78       0x66 cmake/stm32cubemx/CMakeFiles/STM32_Drivers.dir/__/__/Drivers/STM32F4xx_HAL_Driver/Src/stm32f4xx_hal_cortex.c.obj
 *fill*         0x08000bde        0x2 
 .text.SysTick_Config
                0x08000be0       0x44 cmake/stm32cubemx/CMakeFiles/STM32_Drivers.dir/__/__/Drivers/STM32F4xx_HAL_Driver/Src/stm32f4xx_hal_cortex.c.obj
 .text.HAL_NVIC_SetPriorityGrouping
                0x08000c24       0x16 cmake/stm32cubemx/CMakeFiles/STM32_Drivers.dir/__/__/Drivers/STM32F4xx_HAL_Driver/Src/stm32f4xx_hal_cortex.c.obj
                0x08000c24                HAL_NVIC_SetPriorityGrouping
 .text.HAL_NVIC_SetPriority
                0x08000c3a       0x38 cmake/stm32cubemx/CMakeFiles/STM32_Drivers.dir/__/__/Drivers/STM32F4xx_HAL_Driver/Src/stm32f4xx_hal_cortex.c.obj
                0x08000c3a                HAL_NVIC_SetPriority
 .text.HAL_SYSTICK_Config
                0x08000c72       0x18 cmake/stm32cubemx/CMakeFiles/STM32_Drivers.dir/__/__/Drivers/STM32F4xx_HAL_Driver/Src/stm32f4xx_hal_cortex.c.obj
                0x08000c72                HAL_SYSTICK_Config
 *fill*         0x08000c8a        0x2 
 .text.HAL_Init
                0x08000c8c       0x44 cmake/stm32cubemx/CMakeFiles/STM32_Drivers.dir/__/__/Drivers/STM32F4xx_HAL_Driver/Src/stm32f4xx_hal.c.obj
                0x08000c8c                HAL_Init
 .text.HAL_InitTick
                0x08000cd0       0x60 cmake/stm32cubemx/CMakeFiles/STM32_Drivers.dir/__/__/Drivers/STM32F4xx_HAL_Driver/Src/stm32f4xx_hal.c.obj
                0x08000cd0                HAL_InitTick
 .text.HAL_IncTick
                0x08000d30       0x28 cmake/stm32cubemx/CMakeFiles/STM32_Drivers.dir/__/__/Drivers/STM32F4xx_HAL_Driver/Src/stm32f4xx_hal.c.obj
                0x08000d30                HAL_IncTick
 .text.HAL_GetTick
                0x08000d58       0x18 cmake/stm32cubemx/CMakeFiles/STM32_Drivers.dir/__/__/Drivers/STM32F4xx_HAL_Driver/Src/stm32f4xx_hal.c.obj
                0x08000d58                HAL_GetTick
 .text.main     0x08000d70       0x58 CMakeFiles/GraduatioProject.dir/Core/Src/main.c.obj
                0x08000d70                main
 .text.SystemClock_Config
                0x08000dc8       0xc0 CMakeFiles/GraduatioProject.dir/Core/Src/main.c.obj
                0x08000dc8                SystemClock_Config
 .text.Error_Handler
                0x08000e88        0xc CMakeFiles/GraduatioProject.dir/Core/Src/main.c.obj
                0x08000e88                Error_Handler
 .text.NMI_Handler
                0x08000e94        0x8 CMakeFiles/GraduatioProject.dir/Core/Src/stm32f4xx_it.c.obj
                0x08000e94                NMI_Handler
 .text.HardFault_Handler
                0x08000e9c        0x8 CMakeFiles/GraduatioProject.dir/Core/Src/stm32f4xx_it.c.obj
                0x08000e9c                HardFault_Handler
 .text.MemManage_Handler
                0x08000ea4        0x8 CMakeFiles/GraduatioProject.dir/Core/Src/stm32f4xx_it.c.obj
                0x08000ea4                MemManage_Handler
 .text.BusFault_Handler
                0x08000eac        0x8 CMakeFiles/GraduatioProject.dir/Core/Src/stm32f4xx_it.c.obj
                0x08000eac                BusFault_Handler
 .text.UsageFault_Handler
                0x08000eb4        0x8 CMakeFiles/GraduatioProject.dir/Core/Src/stm32f4xx_it.c.obj
                0x08000eb4                UsageFault_Handler
 .text.SVC_Handler
                0x08000ebc        0xe CMakeFiles/GraduatioProject.dir/Core/Src/stm32f4xx_it.c.obj
                0x08000ebc                SVC_Handler
 .text.DebugMon_Handler
                0x08000eca        0xe CMakeFiles/GraduatioProject.dir/Core/Src/stm32f4xx_it.c.obj
                0x08000eca                DebugMon_Handler
 .text.PendSV_Handler
                0x08000ed8        0xe CMakeFiles/GraduatioProject.dir/Core/Src/stm32f4xx_it.c.obj
                0x08000ed8                PendSV_Handler
 .text.SysTick_Handler
                0x08000ee6        0xc CMakeFiles/GraduatioProject.dir/Core/Src/stm32f4xx_it.c.obj
                0x08000ee6                SysTick_Handler
 *fill*         0x08000ef2        0x2 
 .text.HAL_MspInit
                0x08000ef4       0x50 CMakeFiles/GraduatioProject.dir/Core/Src/stm32f4xx_hal_msp.c.obj
                0x08000ef4                HAL_MspInit
 .text.Reset_Handler
                0x08000f44       0x50 CMakeFiles/GraduatioProject.dir/startup_stm32f401xc.s.obj
                0x08000f44                Reset_Handler
 .text.Default_Handler
                0x08000f94        0x2 CMakeFiles/GraduatioProject.dir/startup_stm32f401xc.s.obj
                0x08000f94                RTC_Alarm_IRQHandler
                0x08000f94                EXTI2_IRQHandler
                0x08000f94                SPI4_IRQHandler
                0x08000f94                TIM1_CC_IRQHandler
                0x08000f94                DMA2_Stream5_IRQHandler
                0x08000f94                DMA1_Stream5_IRQHandler
                0x08000f94                PVD_IRQHandler
                0x08000f94                SDIO_IRQHandler
                0x08000f94                TAMP_STAMP_IRQHandler
                0x08000f94                EXTI3_IRQHandler
                0x08000f94                TIM1_UP_TIM10_IRQHandler
                0x08000f94                I2C3_ER_IRQHandler
                0x08000f94                EXTI0_IRQHandler
                0x08000f94                I2C2_EV_IRQHandler
                0x08000f94                DMA1_Stream2_IRQHandler
                0x08000f94                FPU_IRQHandler
                0x08000f94                DMA2_Stream2_IRQHandler
                0x08000f94                SPI1_IRQHandler
                0x08000f94                TIM1_BRK_TIM9_IRQHandler
                0x08000f94                DMA2_Stream3_IRQHandler
                0x08000f94                USART6_IRQHandler
                0x08000f94                DMA2_Stream0_IRQHandler
                0x08000f94                TIM4_IRQHandler
                0x08000f94                I2C1_EV_IRQHandler
                0x08000f94                DMA1_Stream6_IRQHandler
                0x08000f94                DMA1_Stream1_IRQHandler
                0x08000f94                TIM3_IRQHandler
                0x08000f94                RCC_IRQHandler
                0x08000f94                Default_Handler
                0x08000f94                EXTI15_10_IRQHandler
                0x08000f94                ADC_IRQHandler
                0x08000f94                DMA1_Stream7_IRQHandler
                0x08000f94                TIM5_IRQHandler
                0x08000f94                DMA2_Stream7_IRQHandler
                0x08000f94                I2C3_EV_IRQHandler
                0x08000f94                EXTI9_5_IRQHandler
                0x08000f94                RTC_WKUP_IRQHandler
                0x08000f94                SPI2_IRQHandler
                0x08000f94                DMA1_Stream0_IRQHandler
                0x08000f94                EXTI4_IRQHandler
                0x08000f94                WWDG_IRQHandler
                0x08000f94                TIM2_IRQHandler
                0x08000f94                OTG_FS_WKUP_IRQHandler
                0x08000f94                TIM1_TRG_COM_TIM11_IRQHandler
                0x08000f94                EXTI1_IRQHandler
                0x08000f94                USART2_IRQHandler
                0x08000f94                I2C2_ER_IRQHandler
                0x08000f94                DMA2_Stream1_IRQHandler
                0x08000f94                FLASH_IRQHandler
                0x08000f94                DMA2_Stream4_IRQHandler
                0x08000f94                USART1_IRQHandler
                0x08000f94                OTG_FS_IRQHandler
                0x08000f94                SPI3_IRQHandler
                0x08000f94                DMA1_Stream4_IRQHandler
                0x08000f94                I2C1_ER_IRQHandler
                0x08000f94                DMA2_Stream6_IRQHandler
                0x08000f94                DMA1_Stream3_IRQHandler
 *fill*         0x08000f96        0x2 
 .text.__udivmoddi4
                0x08000f98      0x2bc C:/arm-gnu-toolchain/arm-gnu-toolchain-13.2.Rel1-mingw-w64-i686-arm-none-eabi/bin/../lib/gcc/arm-none-eabi/13.2.1/thumb/v7e-m+fp/hard\libgcc.a(_udivmoddi4.o)
                0x08000f98                __udivmoddi4
 .text.memset   0x08001254       0x10 C:/arm-gnu-toolchain/arm-gnu-toolchain-13.2.Rel1-mingw-w64-i686-arm-none-eabi/bin/../lib/gcc/arm-none-eabi/13.2.1/thumb/v7e-m+fp/hard\libg_nano.a(libc_a-memset.o)
                0x08001254                memset
 .text.__libc_init_array
                0x08001264       0x48 C:/arm-gnu-toolchain/arm-gnu-toolchain-13.2.Rel1-mingw-w64-i686-arm-none-eabi/bin/../lib/gcc/arm-none-eabi/13.2.1/thumb/v7e-m+fp/hard\libg_nano.a(libc_a-init.o)
                0x08001264                __libc_init_array
 *(.glue_7)
 .glue_7        0x080012ac        0x0 linker stubs
 *(.glue_7t)
 .glue_7t       0x080012ac        0x0 linker stubs
 *(.eh_frame)
 .eh_frame      0x080012ac        0x0 C:/arm-gnu-toolchain/arm-gnu-toolchain-13.2.Rel1-mingw-w64-i686-arm-none-eabi/bin/../lib/gcc/arm-none-eabi/13.2.1/thumb/v7e-m+fp/hard/crtbegin.o
 *(.init)
 .init          0x080012ac        0x4 C:/arm-gnu-toolchain/arm-gnu-toolchain-13.2.Rel1-mingw-w64-i686-arm-none-eabi/bin/../lib/gcc/arm-none-eabi/13.2.1/thumb/v7e-m+fp/hard/crti.o
                0x080012ac                _init
 .init          0x080012b0        0x8 C:/arm-gnu-toolchain/arm-gnu-toolchain-13.2.Rel1-mingw-w64-i686-arm-none-eabi/bin/../lib/gcc/arm-none-eabi/13.2.1/thumb/v7e-m+fp/hard/crtn.o
 *(.fini)
 .fini          0x080012b8        0x4 C:/arm-gnu-toolchain/arm-gnu-toolchain-13.2.Rel1-mingw-w64-i686-arm-none-eabi/bin/../lib/gcc/arm-none-eabi/13.2.1/thumb/v7e-m+fp/hard/crti.o
                0x080012b8                _fini
 .fini          0x080012bc        0x8 C:/arm-gnu-toolchain/arm-gnu-toolchain-13.2.Rel1-mingw-w64-i686-arm-none-eabi/bin/../lib/gcc/arm-none-eabi/13.2.1/thumb/v7e-m+fp/hard/crtn.o
                0x080012c4                        . = ALIGN (0x4)
                0x080012c4                        _etext = .

.vfp11_veneer   0x080012c4        0x0
 .vfp11_veneer  0x080012c4        0x0 linker stubs

.v4_bx          0x080012c4        0x0
 .v4_bx         0x080012c4        0x0 linker stubs

.iplt           0x080012c4        0x0
 .iplt          0x080012c4        0x0 C:/arm-gnu-toolchain/arm-gnu-toolchain-13.2.Rel1-mingw-w64-i686-arm-none-eabi/bin/../lib/gcc/arm-none-eabi/13.2.1/thumb/v7e-m+fp/hard/crtbegin.o

.rodata         0x080012c4       0x10
                0x080012c4                        . = ALIGN (0x4)
 *(.rodata)
 *(.rodata*)
 .rodata.AHBPrescTable
                0x080012c4       0x10 cmake/stm32cubemx/CMakeFiles/STM32_Drivers.dir/__/__/Core/Src/system_stm32f4xx.c.obj
                0x080012c4                AHBPrescTable
                0x080012d4                        . = ALIGN (0x4)

.ARM.extab      0x080012d4        0x0
                0x080012d4                        . = ALIGN (0x4)
 *(.ARM.extab* .gnu.linkonce.armextab.*)
                0x080012d4                        . = ALIGN (0x4)

.ARM            0x080012d4        0x8
                0x080012d4                        . = ALIGN (0x4)
                0x080012d4                        __exidx_start = .
 *(.ARM.exidx*)
 .ARM.exidx.text.__udivmoddi4
                0x080012d4        0x8 C:/arm-gnu-toolchain/arm-gnu-toolchain-13.2.Rel1-mingw-w64-i686-arm-none-eabi/bin/../lib/gcc/arm-none-eabi/13.2.1/thumb/v7e-m+fp/hard\libgcc.a(_udivmoddi4.o)
                0x080012dc                        __exidx_end = .
                0x080012dc                        . = ALIGN (0x4)

.preinit_array  0x080012dc        0x0
                0x080012dc                        . = ALIGN (0x4)
                0x080012dc                        PROVIDE (__preinit_array_start = .)
 *(.preinit_array*)
                0x080012dc                        PROVIDE (__preinit_array_end = .)
                0x080012dc                        . = ALIGN (0x4)

.init_array     0x080012dc        0x4
                0x080012dc                        . = ALIGN (0x4)
                0x080012dc                        PROVIDE (__init_array_start = .)
 *(SORT_BY_NAME(.init_array.*))
 *(.init_array*)
 .init_array    0x080012dc        0x4 C:/arm-gnu-toolchain/arm-gnu-toolchain-13.2.Rel1-mingw-w64-i686-arm-none-eabi/bin/../lib/gcc/arm-none-eabi/13.2.1/thumb/v7e-m+fp/hard/crtbegin.o
                0x080012e0                        PROVIDE (__init_array_end = .)
                0x080012e0                        . = ALIGN (0x4)

.fini_array     0x080012e0        0x4
                0x080012e0                        . = ALIGN (0x4)
                [!provide]                        PROVIDE (__fini_array_start = .)
 *(SORT_BY_NAME(.fini_array.*))
 *(.fini_array*)
 .fini_array    0x080012e0        0x4 C:/arm-gnu-toolchain/arm-gnu-toolchain-13.2.Rel1-mingw-w64-i686-arm-none-eabi/bin/../lib/gcc/arm-none-eabi/13.2.1/thumb/v7e-m+fp/hard/crtbegin.o
                [!provide]                        PROVIDE (__fini_array_end = .)
                0x080012e4                        . = ALIGN (0x4)
                0x080012e4                        _sidata = LOADADDR (.data)

.rel.dyn        0x080012e4        0x0
 .rel.iplt      0x080012e4        0x0 C:/arm-gnu-toolchain/arm-gnu-toolchain-13.2.Rel1-mingw-w64-i686-arm-none-eabi/bin/../lib/gcc/arm-none-eabi/13.2.1/thumb/v7e-m+fp/hard/crtbegin.o

.data           0x20000000        0xc load address 0x080012e4
                0x20000000                        . = ALIGN (0x4)
                0x20000000                        _sdata = .
 *(.data)
 *(.data*)
 .data.SystemCoreClock
                0x20000000        0x4 cmake/stm32cubemx/CMakeFiles/STM32_Drivers.dir/__/__/Core/Src/system_stm32f4xx.c.obj
                0x20000000                SystemCoreClock
 .data.uwTickPrio
                0x20000004        0x4 cmake/stm32cubemx/CMakeFiles/STM32_Drivers.dir/__/__/Drivers/STM32F4xx_HAL_Driver/Src/stm32f4xx_hal.c.obj
                0x20000004                uwTickPrio
 .data.uwTickFreq
                0x20000008        0x1 cmake/stm32cubemx/CMakeFiles/STM32_Drivers.dir/__/__/Drivers/STM32F4xx_HAL_Driver/Src/stm32f4xx_hal.c.obj
                0x20000008                uwTickFreq
 *(.RamFunc)
 *(.RamFunc*)
                0x2000000c                        . = ALIGN (0x4)
 *fill*         0x20000009        0x3 

.tm_clone_table
                0x2000000c        0x0 load address 0x080012f0
 .tm_clone_table
                0x2000000c        0x0 C:/arm-gnu-toolchain/arm-gnu-toolchain-13.2.Rel1-mingw-w64-i686-arm-none-eabi/bin/../lib/gcc/arm-none-eabi/13.2.1/thumb/v7e-m+fp/hard/crtbegin.o
 .tm_clone_table
                0x2000000c        0x0 C:/arm-gnu-toolchain/arm-gnu-toolchain-13.2.Rel1-mingw-w64-i686-arm-none-eabi/bin/../lib/gcc/arm-none-eabi/13.2.1/thumb/v7e-m+fp/hard/crtend.o

.igot.plt       0x2000000c        0x0 load address 0x080012f0
 .igot.plt      0x2000000c        0x0 C:/arm-gnu-toolchain/arm-gnu-toolchain-13.2.Rel1-mingw-w64-i686-arm-none-eabi/bin/../lib/gcc/arm-none-eabi/13.2.1/thumb/v7e-m+fp/hard/crtbegin.o

.tdata          0x2000000c        0x0 load address 0x080012f0
 *(.tdata .tdata.* .gnu.linkonce.td.*)
                0x2000000c                        . = ALIGN (0x4)
                0x2000000c                        _edata = .
                [!provide]                        PROVIDE (__data_end = .)
                [!provide]                        PROVIDE (__tdata_end = .)
                [!provide]                        PROVIDE (__tdata_start = ADDR (.tdata))
                [!provide]                        PROVIDE (__tdata_size = (__tdata_end - __tdata_start))
                [!provide]                        PROVIDE (__data_start = ADDR (.data))
                [!provide]                        PROVIDE (__data_size = (__data_end - __data_start))
                [!provide]                        PROVIDE (__tdata_source = LOADADDR (.tdata))
                [!provide]                        PROVIDE (__tdata_source_end = (LOADADDR (.tdata) + SIZEOF (.tdata)))
                [!provide]                        PROVIDE (__tdata_source_size = (__tdata_source_end - __tdata_source))
                [!provide]                        PROVIDE (__data_source = LOADADDR (.data))
                [!provide]                        PROVIDE (__data_source_end = __tdata_source_end)
                [!provide]                        PROVIDE (__data_source_size = (__data_source_end - __data_source))

.tbss           0x2000000c        0x0 load address 0x080012f0
                0x2000000c                        _sbss = .
                0x2000000c                        __bss_start__ = _sbss
 *(.tbss .tbss.*)
                0x2000000c                        . = ALIGN (0x4)
                [!provide]                        PROVIDE (__tbss_end = .)
                [!provide]                        PROVIDE (__tbss_start = ADDR (.tbss))
                [!provide]                        PROVIDE (__tbss_size = (__tbss_end - __tbss_start))
                [!provide]                        PROVIDE (__tbss_offset = (ADDR (.tbss) - ADDR (.tdata)))
                [!provide]                        PROVIDE (__tls_base = __tdata_start)
                [!provide]                        PROVIDE (__tls_end = __tbss_end)
                [!provide]                        PROVIDE (__tls_size = (__tls_end - __tls_base))
                [!provide]                        PROVIDE (__tls_align = MAX (ALIGNOF (.tdata), ALIGNOF (.tbss)))
                [!provide]                        PROVIDE (__tls_size_align = (((__tls_size + __tls_align) - 0x1) & ~ ((__tls_align - 0x1))))
                [!provide]                        PROVIDE (__arm32_tls_tcb_offset = MAX (0x8, __tls_align))
                [!provide]                        PROVIDE (__arm64_tls_tcb_offset = MAX (0x10, __tls_align))

.bss            0x2000000c       0x24 load address 0x080012f0
 *(.bss)
 *(.bss*)
 .bss.completed.1
                0x2000000c        0x1 C:/arm-gnu-toolchain/arm-gnu-toolchain-13.2.Rel1-mingw-w64-i686-arm-none-eabi/bin/../lib/gcc/arm-none-eabi/13.2.1/thumb/v7e-m+fp/hard/crtbegin.o
 *fill*         0x2000000d        0x3 
 .bss.object.0  0x20000010       0x18 C:/arm-gnu-toolchain/arm-gnu-toolchain-13.2.Rel1-mingw-w64-i686-arm-none-eabi/bin/../lib/gcc/arm-none-eabi/13.2.1/thumb/v7e-m+fp/hard/crtbegin.o
 .bss.uwTick    0x20000028        0x4 cmake/stm32cubemx/CMakeFiles/STM32_Drivers.dir/__/__/Drivers/STM32F4xx_HAL_Driver/Src/stm32f4xx_hal.c.obj
                0x20000028                uwTick
 .bss.result    0x2000002c        0x4 CMakeFiles/GraduatioProject.dir/Core/Src/main.c.obj
                0x2000002c                result
 *(COMMON)
                0x20000030                        . = ALIGN (0x4)
                0x20000030                        _ebss = .
                0x20000030                        __bss_end__ = _ebss
                [!provide]                        PROVIDE (__bss_end = .)
                [!provide]                        PROVIDE (__non_tls_bss_start = ADDR (.bss))
                [!provide]                        PROVIDE (__bss_start = __tbss_start)
                [!provide]                        PROVIDE (__bss_size = (__bss_end - __bss_start))

._user_heap_stack
                0x20000030      0x600 load address 0x080012f0
                0x20000030                        . = ALIGN (0x8)
                [!provide]                        PROVIDE (end = .)
                0x20000030                        PROVIDE (_end = .)
                0x20000230                        . = (. + _Min_Heap_Size)
 *fill*         0x20000030      0x200 
                0x20000630                        . = (. + _Min_Stack_Size)
 *fill*         0x20000230      0x400 
                0x20000630                        . = ALIGN (0x8)

/DISCARD/
 libc.a:*(*)
 libm.a:*(*)
 libgcc.a:*(*)
OUTPUT(GraduatioProject.elf elf32-littlearm)
LOAD linker stubs

.ARM.attributes
                0x00000000       0x30
 .ARM.attributes
                0x00000000       0x22 C:/arm-gnu-toolchain/arm-gnu-toolchain-13.2.Rel1-mingw-w64-i686-arm-none-eabi/bin/../lib/gcc/arm-none-eabi/13.2.1/thumb/v7e-m+fp/hard/crti.o
 .ARM.attributes
                0x00000022       0x34 C:/arm-gnu-toolchain/arm-gnu-toolchain-13.2.Rel1-mingw-w64-i686-arm-none-eabi/bin/../lib/gcc/arm-none-eabi/13.2.1/thumb/v7e-m+fp/hard/crtbegin.o
 .ARM.attributes
                0x00000056       0x34 cmake/stm32cubemx/CMakeFiles/STM32_Drivers.dir/__/__/Core/Src/system_stm32f4xx.c.obj
 .ARM.attributes
                0x0000008a       0x34 cmake/stm32cubemx/CMakeFiles/STM32_Drivers.dir/__/__/Drivers/STM32F4xx_HAL_Driver/Src/stm32f4xx_hal_rcc.c.obj
 .ARM.attributes
                0x000000be       0x34 cmake/stm32cubemx/CMakeFiles/STM32_Drivers.dir/__/__/Drivers/STM32F4xx_HAL_Driver/Src/stm32f4xx_hal_cortex.c.obj
 .ARM.attributes
                0x000000f2       0x34 cmake/stm32cubemx/CMakeFiles/STM32_Drivers.dir/__/__/Drivers/STM32F4xx_HAL_Driver/Src/stm32f4xx_hal.c.obj
 .ARM.attributes
                0x00000126       0x34 CMakeFiles/GraduatioProject.dir/Core/Src/main.c.obj
 .ARM.attributes
                0x0000015a       0x34 CMakeFiles/GraduatioProject.dir/Core/Src/stm32f4xx_it.c.obj
 .ARM.attributes
                0x0000018e       0x34 CMakeFiles/GraduatioProject.dir/Core/Src/stm32f4xx_hal_msp.c.obj
 .ARM.attributes
                0x000001c2       0x21 CMakeFiles/GraduatioProject.dir/startup_stm32f401xc.s.obj
 .ARM.attributes
                0x000001e3       0x22 C:/arm-gnu-toolchain/arm-gnu-toolchain-13.2.Rel1-mingw-w64-i686-arm-none-eabi/bin/../lib/gcc/arm-none-eabi/13.2.1/thumb/v7e-m+fp/hard\libgcc.a(_aeabi_uldivmod.o)
 .ARM.attributes
                0x00000205       0x34 C:/arm-gnu-toolchain/arm-gnu-toolchain-13.2.Rel1-mingw-w64-i686-arm-none-eabi/bin/../lib/gcc/arm-none-eabi/13.2.1/thumb/v7e-m+fp/hard\libgcc.a(_udivmoddi4.o)
 .ARM.attributes
                0x00000239       0x22 C:/arm-gnu-toolchain/arm-gnu-toolchain-13.2.Rel1-mingw-w64-i686-arm-none-eabi/bin/../lib/gcc/arm-none-eabi/13.2.1/thumb/v7e-m+fp/hard\libgcc.a(_dvmd_tls.o)
 .ARM.attributes
                0x0000025b       0x34 C:/arm-gnu-toolchain/arm-gnu-toolchain-13.2.Rel1-mingw-w64-i686-arm-none-eabi/bin/../lib/gcc/arm-none-eabi/13.2.1/thumb/v7e-m+fp/hard\libg_nano.a(libc_a-memset.o)
 .ARM.attributes
                0x0000028f       0x34 C:/arm-gnu-toolchain/arm-gnu-toolchain-13.2.Rel1-mingw-w64-i686-arm-none-eabi/bin/../lib/gcc/arm-none-eabi/13.2.1/thumb/v7e-m+fp/hard\libg_nano.a(libc_a-init.o)
 .ARM.attributes
                0x000002c3       0x34 C:/arm-gnu-toolchain/arm-gnu-toolchain-13.2.Rel1-mingw-w64-i686-arm-none-eabi/bin/../lib/gcc/arm-none-eabi/13.2.1/thumb/v7e-m+fp/hard/crtend.o
 .ARM.attributes
                0x000002f7       0x22 C:/arm-gnu-toolchain/arm-gnu-toolchain-13.2.Rel1-mingw-w64-i686-arm-none-eabi/bin/../lib/gcc/arm-none-eabi/13.2.1/thumb/v7e-m+fp/hard/crtn.o

.comment        0x00000000       0x44
 .comment       0x00000000       0x44 cmake/stm32cubemx/CMakeFiles/STM32_Drivers.dir/__/__/Core/Src/system_stm32f4xx.c.obj
                                 0x45 (size before relaxing)
 .comment       0x00000044       0x45 cmake/stm32cubemx/CMakeFiles/STM32_Drivers.dir/__/__/Drivers/STM32F4xx_HAL_Driver/Src/stm32f4xx_hal_rcc.c.obj
 .comment       0x00000044       0x45 cmake/stm32cubemx/CMakeFiles/STM32_Drivers.dir/__/__/Drivers/STM32F4xx_HAL_Driver/Src/stm32f4xx_hal_cortex.c.obj
 .comment       0x00000044       0x45 cmake/stm32cubemx/CMakeFiles/STM32_Drivers.dir/__/__/Drivers/STM32F4xx_HAL_Driver/Src/stm32f4xx_hal.c.obj
 .comment       0x00000044       0x45 CMakeFiles/GraduatioProject.dir/Core/Src/main.c.obj
 .comment       0x00000044       0x45 CMakeFiles/GraduatioProject.dir/Core/Src/stm32f4xx_it.c.obj
 .comment       0x00000044       0x45 CMakeFiles/GraduatioProject.dir/Core/Src/stm32f4xx_hal_msp.c.obj

.debug_info     0x00000000     0x2d9c
 .debug_info    0x00000000      0x53e cmake/stm32cubemx/CMakeFiles/STM32_Drivers.dir/__/__/Core/Src/system_stm32f4xx.c.obj
 .debug_info    0x0000053e      0x905 cmake/stm32cubemx/CMakeFiles/STM32_Drivers.dir/__/__/Drivers/STM32F4xx_HAL_Driver/Src/stm32f4xx_hal_rcc.c.obj
 .debug_info    0x00000e43      0xcf6 cmake/stm32cubemx/CMakeFiles/STM32_Drivers.dir/__/__/Drivers/STM32F4xx_HAL_Driver/Src/stm32f4xx_hal_cortex.c.obj
 .debug_info    0x00001b39      0x8bb cmake/stm32cubemx/CMakeFiles/STM32_Drivers.dir/__/__/Drivers/STM32F4xx_HAL_Driver/Src/stm32f4xx_hal.c.obj
 .debug_info    0x000023f4      0x5d5 CMakeFiles/GraduatioProject.dir/Core/Src/main.c.obj
 .debug_info    0x000029c9      0x112 CMakeFiles/GraduatioProject.dir/Core/Src/stm32f4xx_it.c.obj
 .debug_info    0x00002adb      0x291 CMakeFiles/GraduatioProject.dir/Core/Src/stm32f4xx_hal_msp.c.obj
 .debug_info    0x00002d6c       0x30 CMakeFiles/GraduatioProject.dir/startup_stm32f401xc.s.obj

.debug_abbrev   0x00000000      0xced
 .debug_abbrev  0x00000000      0x11a cmake/stm32cubemx/CMakeFiles/STM32_Drivers.dir/__/__/Core/Src/system_stm32f4xx.c.obj
 .debug_abbrev  0x0000011a      0x2b6 cmake/stm32cubemx/CMakeFiles/STM32_Drivers.dir/__/__/Drivers/STM32F4xx_HAL_Driver/Src/stm32f4xx_hal_rcc.c.obj
 .debug_abbrev  0x000003d0      0x31d cmake/stm32cubemx/CMakeFiles/STM32_Drivers.dir/__/__/Drivers/STM32F4xx_HAL_Driver/Src/stm32f4xx_hal_cortex.c.obj
 .debug_abbrev  0x000006ed      0x24b cmake/stm32cubemx/CMakeFiles/STM32_Drivers.dir/__/__/Drivers/STM32F4xx_HAL_Driver/Src/stm32f4xx_hal.c.obj
 .debug_abbrev  0x00000938      0x246 CMakeFiles/GraduatioProject.dir/Core/Src/main.c.obj
 .debug_abbrev  0x00000b7e       0x73 CMakeFiles/GraduatioProject.dir/Core/Src/stm32f4xx_it.c.obj
 .debug_abbrev  0x00000bf1       0xd8 CMakeFiles/GraduatioProject.dir/Core/Src/stm32f4xx_hal_msp.c.obj
 .debug_abbrev  0x00000cc9       0x24 CMakeFiles/GraduatioProject.dir/startup_stm32f401xc.s.obj

.debug_aranges  0x00000000      0x3a8
 .debug_aranges
                0x00000000       0x28 cmake/stm32cubemx/CMakeFiles/STM32_Drivers.dir/__/__/Core/Src/system_stm32f4xx.c.obj
 .debug_aranges
                0x00000028       0x88 cmake/stm32cubemx/CMakeFiles/STM32_Drivers.dir/__/__/Drivers/STM32F4xx_HAL_Driver/Src/stm32f4xx_hal_rcc.c.obj
 .debug_aranges
                0x000000b0      0x130 cmake/stm32cubemx/CMakeFiles/STM32_Drivers.dir/__/__/Drivers/STM32F4xx_HAL_Driver/Src/stm32f4xx_hal_cortex.c.obj
 .debug_aranges
                0x000001e0       0xf0 cmake/stm32cubemx/CMakeFiles/STM32_Drivers.dir/__/__/Drivers/STM32F4xx_HAL_Driver/Src/stm32f4xx_hal.c.obj
 .debug_aranges
                0x000002d0       0x30 CMakeFiles/GraduatioProject.dir/Core/Src/main.c.obj
 .debug_aranges
                0x00000300       0x60 CMakeFiles/GraduatioProject.dir/Core/Src/stm32f4xx_it.c.obj
 .debug_aranges
                0x00000360       0x20 CMakeFiles/GraduatioProject.dir/Core/Src/stm32f4xx_hal_msp.c.obj
 .debug_aranges
                0x00000380       0x28 CMakeFiles/GraduatioProject.dir/startup_stm32f401xc.s.obj

.debug_rnglists
                0x00000000      0x29e
 .debug_rnglists
                0x00000000       0x1a cmake/stm32cubemx/CMakeFiles/STM32_Drivers.dir/__/__/Core/Src/system_stm32f4xx.c.obj
 .debug_rnglists
                0x0000001a       0x66 cmake/stm32cubemx/CMakeFiles/STM32_Drivers.dir/__/__/Drivers/STM32F4xx_HAL_Driver/Src/stm32f4xx_hal_rcc.c.obj
 .debug_rnglists
                0x00000080       0xe0 cmake/stm32cubemx/CMakeFiles/STM32_Drivers.dir/__/__/Drivers/STM32F4xx_HAL_Driver/Src/stm32f4xx_hal_cortex.c.obj
 .debug_rnglists
                0x00000160       0xaf cmake/stm32cubemx/CMakeFiles/STM32_Drivers.dir/__/__/Drivers/STM32F4xx_HAL_Driver/Src/stm32f4xx_hal.c.obj
 .debug_rnglists
                0x0000020f       0x20 CMakeFiles/GraduatioProject.dir/Core/Src/main.c.obj
 .debug_rnglists
                0x0000022f       0x43 CMakeFiles/GraduatioProject.dir/Core/Src/stm32f4xx_it.c.obj
 .debug_rnglists
                0x00000272       0x13 CMakeFiles/GraduatioProject.dir/Core/Src/stm32f4xx_hal_msp.c.obj
 .debug_rnglists
                0x00000285       0x19 CMakeFiles/GraduatioProject.dir/startup_stm32f401xc.s.obj

.debug_macro    0x00000000    0x15c84
 .debug_macro   0x00000000      0x1b0 cmake/stm32cubemx/CMakeFiles/STM32_Drivers.dir/__/__/Core/Src/system_stm32f4xx.c.obj
 .debug_macro   0x000001b0      0xad8 cmake/stm32cubemx/CMakeFiles/STM32_Drivers.dir/__/__/Core/Src/system_stm32f4xx.c.obj
 .debug_macro   0x00000c88       0x2e cmake/stm32cubemx/CMakeFiles/STM32_Drivers.dir/__/__/Core/Src/system_stm32f4xx.c.obj
 .debug_macro   0x00000cb6       0x28 cmake/stm32cubemx/CMakeFiles/STM32_Drivers.dir/__/__/Core/Src/system_stm32f4xx.c.obj
 .debug_macro   0x00000cde       0x22 cmake/stm32cubemx/CMakeFiles/STM32_Drivers.dir/__/__/Core/Src/system_stm32f4xx.c.obj
 .debug_macro   0x00000d00       0x8e cmake/stm32cubemx/CMakeFiles/STM32_Drivers.dir/__/__/Core/Src/system_stm32f4xx.c.obj
 .debug_macro   0x00000d8e       0x51 cmake/stm32cubemx/CMakeFiles/STM32_Drivers.dir/__/__/Core/Src/system_stm32f4xx.c.obj
 .debug_macro   0x00000ddf      0x103 cmake/stm32cubemx/CMakeFiles/STM32_Drivers.dir/__/__/Core/Src/system_stm32f4xx.c.obj
 .debug_macro   0x00000ee2       0x6a cmake/stm32cubemx/CMakeFiles/STM32_Drivers.dir/__/__/Core/Src/system_stm32f4xx.c.obj
 .debug_macro   0x00000f4c      0x1df cmake/stm32cubemx/CMakeFiles/STM32_Drivers.dir/__/__/Core/Src/system_stm32f4xx.c.obj
 .debug_macro   0x0000112b       0x1c cmake/stm32cubemx/CMakeFiles/STM32_Drivers.dir/__/__/Core/Src/system_stm32f4xx.c.obj
 .debug_macro   0x00001147       0x22 cmake/stm32cubemx/CMakeFiles/STM32_Drivers.dir/__/__/Core/Src/system_stm32f4xx.c.obj
 .debug_macro   0x00001169       0xfb cmake/stm32cubemx/CMakeFiles/STM32_Drivers.dir/__/__/Core/Src/system_stm32f4xx.c.obj
 .debug_macro   0x00001264     0x1011 cmake/stm32cubemx/CMakeFiles/STM32_Drivers.dir/__/__/Core/Src/system_stm32f4xx.c.obj
 .debug_macro   0x00002275      0x11f cmake/stm32cubemx/CMakeFiles/STM32_Drivers.dir/__/__/Core/Src/system_stm32f4xx.c.obj
 .debug_macro   0x00002394     0xb881 cmake/stm32cubemx/CMakeFiles/STM32_Drivers.dir/__/__/Core/Src/system_stm32f4xx.c.obj
 .debug_macro   0x0000dc15       0x6d cmake/stm32cubemx/CMakeFiles/STM32_Drivers.dir/__/__/Core/Src/system_stm32f4xx.c.obj
 .debug_macro   0x0000dc82      0x28f cmake/stm32cubemx/CMakeFiles/STM32_Drivers.dir/__/__/Core/Src/system_stm32f4xx.c.obj
 .debug_macro   0x0000df11     0x3693 cmake/stm32cubemx/CMakeFiles/STM32_Drivers.dir/__/__/Core/Src/system_stm32f4xx.c.obj
 .debug_macro   0x000115a4      0x190 cmake/stm32cubemx/CMakeFiles/STM32_Drivers.dir/__/__/Core/Src/system_stm32f4xx.c.obj
 .debug_macro   0x00011734       0x5c cmake/stm32cubemx/CMakeFiles/STM32_Drivers.dir/__/__/Core/Src/system_stm32f4xx.c.obj
 .debug_macro   0x00011790      0x416 cmake/stm32cubemx/CMakeFiles/STM32_Drivers.dir/__/__/Core/Src/system_stm32f4xx.c.obj
 .debug_macro   0x00011ba6      0x9e9 cmake/stm32cubemx/CMakeFiles/STM32_Drivers.dir/__/__/Core/Src/system_stm32f4xx.c.obj
 .debug_macro   0x0001258f      0x115 cmake/stm32cubemx/CMakeFiles/STM32_Drivers.dir/__/__/Core/Src/system_stm32f4xx.c.obj
 .debug_macro   0x000126a4       0xf8 cmake/stm32cubemx/CMakeFiles/STM32_Drivers.dir/__/__/Core/Src/system_stm32f4xx.c.obj
 .debug_macro   0x0001279c       0xa5 cmake/stm32cubemx/CMakeFiles/STM32_Drivers.dir/__/__/Core/Src/system_stm32f4xx.c.obj
 .debug_macro   0x00012841      0x15f cmake/stm32cubemx/CMakeFiles/STM32_Drivers.dir/__/__/Core/Src/system_stm32f4xx.c.obj
 .debug_macro   0x000129a0      0x287 cmake/stm32cubemx/CMakeFiles/STM32_Drivers.dir/__/__/Core/Src/system_stm32f4xx.c.obj
 .debug_macro   0x00012c27       0x5f cmake/stm32cubemx/CMakeFiles/STM32_Drivers.dir/__/__/Core/Src/system_stm32f4xx.c.obj
 .debug_macro   0x00012c86      0x236 cmake/stm32cubemx/CMakeFiles/STM32_Drivers.dir/__/__/Core/Src/system_stm32f4xx.c.obj
 .debug_macro   0x00012ebc      0x132 cmake/stm32cubemx/CMakeFiles/STM32_Drivers.dir/__/__/Core/Src/system_stm32f4xx.c.obj
 .debug_macro   0x00012fee      0x23a cmake/stm32cubemx/CMakeFiles/STM32_Drivers.dir/__/__/Core/Src/system_stm32f4xx.c.obj
 .debug_macro   0x00013228       0x2e cmake/stm32cubemx/CMakeFiles/STM32_Drivers.dir/__/__/Core/Src/system_stm32f4xx.c.obj
 .debug_macro   0x00013256      0x127 cmake/stm32cubemx/CMakeFiles/STM32_Drivers.dir/__/__/Core/Src/system_stm32f4xx.c.obj
 .debug_macro   0x0001337d       0x85 cmake/stm32cubemx/CMakeFiles/STM32_Drivers.dir/__/__/Core/Src/system_stm32f4xx.c.obj
 .debug_macro   0x00013402       0x89 cmake/stm32cubemx/CMakeFiles/STM32_Drivers.dir/__/__/Core/Src/system_stm32f4xx.c.obj
 .debug_macro   0x0001348b      0x126 cmake/stm32cubemx/CMakeFiles/STM32_Drivers.dir/__/__/Core/Src/system_stm32f4xx.c.obj
 .debug_macro   0x000135b1      0x1d4 cmake/stm32cubemx/CMakeFiles/STM32_Drivers.dir/__/__/Drivers/STM32F4xx_HAL_Driver/Src/stm32f4xx_hal_rcc.c.obj
 .debug_macro   0x00013785      0x1b0 cmake/stm32cubemx/CMakeFiles/STM32_Drivers.dir/__/__/Drivers/STM32F4xx_HAL_Driver/Src/stm32f4xx_hal_cortex.c.obj
 .debug_macro   0x00013935      0x210 cmake/stm32cubemx/CMakeFiles/STM32_Drivers.dir/__/__/Drivers/STM32F4xx_HAL_Driver/Src/stm32f4xx_hal.c.obj
 .debug_macro   0x00013b45      0x3ee CMakeFiles/GraduatioProject.dir/Core/Src/main.c.obj
 .debug_macro   0x00013f33      0xade CMakeFiles/GraduatioProject.dir/Core/Src/main.c.obj
 .debug_macro   0x00014a11       0x16 CMakeFiles/GraduatioProject.dir/Core/Src/main.c.obj
 .debug_macro   0x00014a27       0x7b CMakeFiles/GraduatioProject.dir/Core/Src/main.c.obj
 .debug_macro   0x00014aa2       0x2a CMakeFiles/GraduatioProject.dir/Core/Src/main.c.obj
 .debug_macro   0x00014acc       0x3c CMakeFiles/GraduatioProject.dir/Core/Src/main.c.obj
 .debug_macro   0x00014b08       0x34 CMakeFiles/GraduatioProject.dir/Core/Src/main.c.obj
 .debug_macro   0x00014b3c      0x370 CMakeFiles/GraduatioProject.dir/Core/Src/main.c.obj
 .debug_macro   0x00014eac       0x16 CMakeFiles/GraduatioProject.dir/Core/Src/main.c.obj
 .debug_macro   0x00014ec2       0x4a CMakeFiles/GraduatioProject.dir/Core/Src/main.c.obj
 .debug_macro   0x00014f0c       0x34 CMakeFiles/GraduatioProject.dir/Core/Src/main.c.obj
 .debug_macro   0x00014f40       0x10 CMakeFiles/GraduatioProject.dir/Core/Src/main.c.obj
 .debug_macro   0x00014f50       0x58 CMakeFiles/GraduatioProject.dir/Core/Src/main.c.obj
 .debug_macro   0x00014fa8      0x1de CMakeFiles/GraduatioProject.dir/Core/Src/main.c.obj
 .debug_macro   0x00015186       0x10 CMakeFiles/GraduatioProject.dir/Core/Src/main.c.obj
 .debug_macro   0x00015196       0x3c CMakeFiles/GraduatioProject.dir/Core/Src/main.c.obj
 .debug_macro   0x000151d2      0x19b CMakeFiles/GraduatioProject.dir/Core/Src/main.c.obj
 .debug_macro   0x0001536d      0x201 CMakeFiles/GraduatioProject.dir/Core/Src/main.c.obj
 .debug_macro   0x0001556e       0x7c CMakeFiles/GraduatioProject.dir/Core/Src/main.c.obj
 .debug_macro   0x000155ea       0x17 CMakeFiles/GraduatioProject.dir/Core/Src/main.c.obj
 .debug_macro   0x00015601      0x118 CMakeFiles/GraduatioProject.dir/Core/Src/main.c.obj
 .debug_macro   0x00015719       0x16 CMakeFiles/GraduatioProject.dir/Core/Src/main.c.obj
 .debug_macro   0x0001572f       0xc1 CMakeFiles/GraduatioProject.dir/Core/Src/main.c.obj
 .debug_macro   0x000157f0       0x54 CMakeFiles/GraduatioProject.dir/Core/Src/main.c.obj
 .debug_macro   0x00015844       0x35 CMakeFiles/GraduatioProject.dir/Core/Src/main.c.obj
 .debug_macro   0x00015879       0x29 CMakeFiles/GraduatioProject.dir/Core/Src/main.c.obj
 .debug_macro   0x000158a2       0x28 CMakeFiles/GraduatioProject.dir/Core/Src/main.c.obj
 .debug_macro   0x000158ca       0x16 CMakeFiles/GraduatioProject.dir/Core/Src/main.c.obj
 .debug_macro   0x000158e0       0x16 CMakeFiles/GraduatioProject.dir/Core/Src/main.c.obj
 .debug_macro   0x000158f6       0x10 CMakeFiles/GraduatioProject.dir/Core/Src/main.c.obj
 .debug_macro   0x00015906      0x1c4 CMakeFiles/GraduatioProject.dir/Core/Src/stm32f4xx_it.c.obj
 .debug_macro   0x00015aca      0x1ba CMakeFiles/GraduatioProject.dir/Core/Src/stm32f4xx_hal_msp.c.obj

.debug_line     0x00000000     0x438b
 .debug_line    0x00000000      0x712 cmake/stm32cubemx/CMakeFiles/STM32_Drivers.dir/__/__/Core/Src/system_stm32f4xx.c.obj
 .debug_line    0x00000712      0xd9b cmake/stm32cubemx/CMakeFiles/STM32_Drivers.dir/__/__/Drivers/STM32F4xx_HAL_Driver/Src/stm32f4xx_hal_rcc.c.obj
 .debug_line    0x000014ad      0xc5e cmake/stm32cubemx/CMakeFiles/STM32_Drivers.dir/__/__/Drivers/STM32F4xx_HAL_Driver/Src/stm32f4xx_hal_cortex.c.obj
 .debug_line    0x0000210b      0x98e cmake/stm32cubemx/CMakeFiles/STM32_Drivers.dir/__/__/Drivers/STM32F4xx_HAL_Driver/Src/stm32f4xx_hal.c.obj
 .debug_line    0x00002a99      0xa91 CMakeFiles/GraduatioProject.dir/Core/Src/main.c.obj
 .debug_line    0x0000352a      0x74b CMakeFiles/GraduatioProject.dir/Core/Src/stm32f4xx_it.c.obj
 .debug_line    0x00003c75      0x69c CMakeFiles/GraduatioProject.dir/Core/Src/stm32f4xx_hal_msp.c.obj
 .debug_line    0x00004311       0x7a CMakeFiles/GraduatioProject.dir/startup_stm32f401xc.s.obj

.debug_str      0x00000000    0x83354
 .debug_str     0x00000000    0x83354 cmake/stm32cubemx/CMakeFiles/STM32_Drivers.dir/__/__/Core/Src/system_stm32f4xx.c.obj
                              0x7d6f1 (size before relaxing)
 .debug_str     0x00083354    0x7db25 cmake/stm32cubemx/CMakeFiles/STM32_Drivers.dir/__/__/Drivers/STM32F4xx_HAL_Driver/Src/stm32f4xx_hal_rcc.c.obj
 .debug_str     0x00083354    0x7de7d cmake/stm32cubemx/CMakeFiles/STM32_Drivers.dir/__/__/Drivers/STM32F4xx_HAL_Driver/Src/stm32f4xx_hal_cortex.c.obj
 .debug_str     0x00083354    0x7e113 cmake/stm32cubemx/CMakeFiles/STM32_Drivers.dir/__/__/Drivers/STM32F4xx_HAL_Driver/Src/stm32f4xx_hal.c.obj
 .debug_str     0x00083354    0x8236c CMakeFiles/GraduatioProject.dir/Core/Src/main.c.obj
 .debug_str     0x00083354    0x7d5c4 CMakeFiles/GraduatioProject.dir/Core/Src/stm32f4xx_it.c.obj
 .debug_str     0x00083354    0x7d650 CMakeFiles/GraduatioProject.dir/Core/Src/stm32f4xx_hal_msp.c.obj
 .debug_str     0x00083354       0xb2 CMakeFiles/GraduatioProject.dir/startup_stm32f401xc.s.obj

.debug_frame    0x00000000      0xd1c
 .debug_frame   0x00000000       0x58 cmake/stm32cubemx/CMakeFiles/STM32_Drivers.dir/__/__/Core/Src/system_stm32f4xx.c.obj
 .debug_frame   0x00000058      0x1f4 cmake/stm32cubemx/CMakeFiles/STM32_Drivers.dir/__/__/Drivers/STM32F4xx_HAL_Driver/Src/stm32f4xx_hal_rcc.c.obj
 .debug_frame   0x0000024c      0x508 cmake/stm32cubemx/CMakeFiles/STM32_Drivers.dir/__/__/Drivers/STM32F4xx_HAL_Driver/Src/stm32f4xx_hal_cortex.c.obj
 .debug_frame   0x00000754      0x374 cmake/stm32cubemx/CMakeFiles/STM32_Drivers.dir/__/__/Drivers/STM32F4xx_HAL_Driver/Src/stm32f4xx_hal.c.obj
 .debug_frame   0x00000ac8       0x6c CMakeFiles/GraduatioProject.dir/Core/Src/main.c.obj
 .debug_frame   0x00000b34      0x104 CMakeFiles/GraduatioProject.dir/Core/Src/stm32f4xx_it.c.obj
 .debug_frame   0x00000c38       0x38 CMakeFiles/GraduatioProject.dir/Core/Src/stm32f4xx_hal_msp.c.obj
 .debug_frame   0x00000c70       0x2c C:/arm-gnu-toolchain/arm-gnu-toolchain-13.2.Rel1-mingw-w64-i686-arm-none-eabi/bin/../lib/gcc/arm-none-eabi/13.2.1/thumb/v7e-m+fp/hard\libgcc.a(_aeabi_uldivmod.o)
 .debug_frame   0x00000c9c       0x34 C:/arm-gnu-toolchain/arm-gnu-toolchain-13.2.Rel1-mingw-w64-i686-arm-none-eabi/bin/../lib/gcc/arm-none-eabi/13.2.1/thumb/v7e-m+fp/hard\libgcc.a(_udivmoddi4.o)
 .debug_frame   0x00000cd0       0x20 C:/arm-gnu-toolchain/arm-gnu-toolchain-13.2.Rel1-mingw-w64-i686-arm-none-eabi/bin/../lib/gcc/arm-none-eabi/13.2.1/thumb/v7e-m+fp/hard\libg_nano.a(libc_a-memset.o)
 .debug_frame   0x00000cf0       0x2c C:/arm-gnu-toolchain/arm-gnu-toolchain-13.2.Rel1-mingw-w64-i686-arm-none-eabi/bin/../lib/gcc/arm-none-eabi/13.2.1/thumb/v7e-m+fp/hard\libg_nano.a(libc_a-init.o)

.debug_line_str
                0x00000000      0x16b
 .debug_line_str
                0x00000000      0x16b CMakeFiles/GraduatioProject.dir/startup_stm32f401xc.s.obj
                                 0x96 (size before relaxing)
 .debug_line_str
                0x0000016b       0xc9 C:/arm-gnu-toolchain/arm-gnu-toolchain-13.2.Rel1-mingw-w64-i686-arm-none-eabi/bin/../lib/gcc/arm-none-eabi/13.2.1/thumb/v7e-m+fp/hard\libgcc.a(_aeabi_uldivmod.o)
 .debug_line_str
                0x0000016b       0xcd C:/arm-gnu-toolchain/arm-gnu-toolchain-13.2.Rel1-mingw-w64-i686-arm-none-eabi/bin/../lib/gcc/arm-none-eabi/13.2.1/thumb/v7e-m+fp/hard\libgcc.a(_dvmd_tls.o)
